// Jest Snapshot v1, https://goo.gl/fbAQLP

exports[`SearchInput component renders correctly 1`] = `<searchInput />`;
